01 Ain -> base=200 cards=0
02 Aisne -> base=200 cards=10
03 Allier -> base=200 cards=0
04 Alpes-de-Haute-Provence -> base=200 cards=10
05 Hautes-Alpes -> base=200 cards=10
06 Alpes-Maritimes -> base=200 cards=10
07 Ardèche -> base=200 cards=0
08 Ardennes -> base=200 cards=9
09 Ariège -> base=200 cards=10
10 Aube -> base=200 cards=10
11 Aude -> base=200 cards=10
12 Aveyron -> base=200 cards=10
13 Bouches-du-Rhône -> base=200 cards=10
14 Calvados -> base=200 cards=0
15 Cantal -> base=200 cards=0
16 Charente -> base=200 cards=10
17 Charente-Maritime -> base=200 cards=10
18 Cher -> base=200 cards=10
19 Corrèze -> base=200 cards=0
21 Côte-d'Or -> base=200 cards=10
22 Côtes-d'Armor -> base=200 cards=10
23 Creuse -> base=200 cards=10
24 Dordogne -> base=200 cards=10
25 Doubs -> base=200 cards=2
26 Drôme -> base=200 cards=1
27 Eure -> base=200 cards=10
28 Eure-et-Loir -> base=200 cards=0
29 Finistère -> base=200 cards=0
2A Corse-du-Sud -> base=0 cards=0
2B Haute-Corse -> base=0 cards=0
30 Gard -> base=0 cards=0
31 Haute-Garonne -> base=0 cards=0
32 Gers -> base=0 cards=0
33 Gironde -> base=0 cards=0
34 Hérault -> base=0 cards=0
35 Ille-et-Vilaine -> base=0 cards=0
36 Indre -> base=0 cards=0
37 Indre-et-Loire -> base=0 cards=0
38 Isère -> base=0 cards=0
39 Jura -> base=0 cards=0
40 Landes -> base=0 cards=0
41 Loir-et-Cher -> base=0 cards=0
42 Loire -> base=0 cards=0
43 Haute-Loire -> base=0 cards=0
44 Loire-Atlantique -> base=0 cards=0
45 Loiret -> base=0 cards=0
46 Lot -> base=0 cards=0
47 Lot-et-Garonne -> base=0 cards=0
48 Lozère -> base=0 cards=0
49 Maine-et-Loire -> base=0 cards=0
50 Manche -> base=0 cards=0
51 Marne -> base=0 cards=0
52 Haute-Marne -> base=0 cards=0
53 Mayenne -> base=0 cards=0
54 Meurthe-et-Moselle -> base=0 cards=0
55 Meuse -> base=0 cards=0
56 Morbihan -> base=0 cards=0
57 Moselle -> base=0 cards=0
58 Nièvre -> base=0 cards=0
59 Nord -> base=0 cards=0
60 Oise -> base=0 cards=0
61 Orne -> base=0 cards=0
62 Pas-de-Calais -> base=0 cards=0
63 Puy-de-Dôme -> base=0 cards=0
64 Pyrénées-Atlantiques -> base=0 cards=0
65 Hautes-Pyrénées -> base=0 cards=0
66 Pyrénées-Orientales -> base=0 cards=0
67 Bas-Rhin -> base=0 cards=0
68 Haut-Rhin -> base=0 cards=0
69 Rhône -> base=0 cards=0
70 Haute-Saône -> base=0 cards=0
71 Saône-et-Loire -> base=0 cards=0
72 Sarthe -> base=0 cards=0
73 Savoie -> base=0 cards=0
74 Haute-Savoie -> base=0 cards=0
75 Paris -> base=200 cards=0
76 Seine-Maritime -> base=0 cards=0
77 Seine-et-Marne -> base=0 cards=0
78 Yvelines -> base=0 cards=0
79 Deux-Sèvres -> base=0 cards=0
80 Somme -> base=0 cards=0
81 Tarn -> base=0 cards=0
82 Tarn-et-Garonne -> base=0 cards=0
83 Var -> base=0 cards=0
84 Vaucluse -> base=0 cards=0
85 Vendée -> base=0 cards=0
86 Vienne -> base=0 cards=0
87 Haute-Vienne -> base=0 cards=0
88 Vosges -> base=0 cards=0
89 Yonne -> base=0 cards=0
90 Territoire de Belfort -> base=0 cards=0
91 Essonne -> base=0 cards=0
92 Hauts-de-Seine -> base=0 cards=0
93 Seine-Saint-Denis -> base=0 cards=0
94 Val-de-Marne -> base=0 cards=0
95 Val-d'Oise -> base=0 cards=0
971 Guadeloupe -> base=0 cards=0
972 Martinique -> base=0 cards=0
973 Guyane -> base=0 cards=0
974 La Réunion -> base=0 cards=0
976 Mayotte -> base=0 cards=0
